Execution Error: Traceback (most recent call last):
  File "/home/sheikh-ishan/projects/MultiModelRAG/backend/temp_plot_2568607b.py", line 14, in <module>
    plt.style.set_facecolor('#f5deb3')  # Set background color
    ^^^^^^^^^^^^^^^^^^^^^^^
AttributeError: module 'matplotlib.style' has no attribute 'set_facecolor'

VisualizerAgent: Failed to generate chart.
Generated chart filename: None
